Id          Year   Name                                                                                                                                                                                                                                                       Description
----------- ------ ---------------------------------------------------------------------------------------------------------------------------------------------------------------------------------------------------------------------------------------------------------- ----------------------------------------------------------------------------------------------------------------------------------------------------------------------------------------------------------------------------------------------------------------
1           2022   Calendar 2022                                                                                                                                                                                                                                              General calendar

(1 row affected)

