Id          EventGroupId Name                                                                                                                                                                                                                                                       Description                                                                                                                                                                                                                                                      CalendarId  StartDt EndDt
----------- ------------ ---------------------------------------------------------------------------------------------------------------------------------------------------------------------------------------------------------------------------------------------------------- ---------------------------------------------------------------------------------------------------------------------------------------------------------------------------------------------------------------------------------------------------------------- ----------- ------- ------
1           1            Event 1                                                                                                                                                                                                                                                    Test Repeatable Event                                                                                                                                                                                                                                            NULL        1       33
4           1            Event 2                                                                                                                                                                                                                                                    Test Repeatable Event                                                                                                                                                                                                                                            NULL        33      60
5           1            Event 3                                                                                                                                                                                                                                                    Test Repeatable Event                                                                                                                                                                                                                                            NULL        33      40
6           1            Event 4                                                                                                                                                                                                                                                    Test Repeatable Event                                                                                                                                                                                                                                            NULL        1       60
7           1            Event 5                                                                                                                                                                                                                                                    Test Repeatable Event                                                                                                                                                                                                                                            NULL        200     365
8           1            Event 6                                                                                                                                                                                                                                                    Test Repeatable Event                                                                                                                                                                                                                                            NULL        283     360

(6 rows affected)

